<html>
<body>
<pre>
<h1>µVision Build Log</h1>
<h2>Tool Versions:</h2>
IDE-Version: ¦ÌVision V5.39.0.0
Copyright (C) 2023 ARM Ltd and ARM Germany GmbH. All rights reserved.
License Information: 11 1615627365@qq.com, 11, LIC=YA39H-W62C8-GK1BG-V100U-NZ0PF-Q0WI8
 
Tool Versions:
Toolchain:       MDK-ARM Plus  Version: 5.39.0.0
Toolchain Path:  D:\shangguigu\STM32_MDK\ARM\ARMCC\Bin
C Compiler:      Armcc.exe V5.06 update 7 (build 960)
Assembler:       Armasm.exe V5.06 update 7 (build 960)
Linker/Locator:  ArmLink.exe V5.06 update 7 (build 960)
Library Manager: ArmAr.exe V5.06 update 7 (build 960)
Hex Converter:   FromElf.exe V5.06 update 7 (build 960)
CPU DLL:         SARMCM3.DLL V5.39.0.0
Dialog DLL:      DCM.DLL V1.17.5.0
Target DLL:      UL2CM3.DLL V1.164.9.0
Dialog DLL:      TCM.DLL V1.56.4.0
 
<h2>Project:</h2>
d:\shangguigu\All_Project\02_BMS\Project_Code\Drive_Board\01_BMS_Driver_project\MDK-ARM\01_BMS_project.uvprojx
Project File Date:  07/21/2026

<h2>Output:</h2>
*** Using Compiler 'V5.06 update 7 (build 960)', folder: 'D:\shangguigu\STM32_MDK\ARM\ARMCC\Bin'
Rebuild target '01_BMS_project'
assembling startup_stm32f103xb.s...
compiling usart.c...
compiling stm32f1xx_hal_timebase_tim.c...
compiling gpio.c...
compiling stm32f1xx_it.c...
compiling stm32f1xx_hal_msp.c...
compiling main.c...
compiling i2c.c...
compiling stm32f1xx_hal.c...
compiling stm32f1xx_hal_gpio_ex.c...
compiling stm32f1xx_hal_rcc_ex.c...
compiling stm32f1xx_hal_rcc.c...
compiling stm32f1xx_hal_tim_ex.c...
compiling stm32f1xx_hal_tim.c...
compiling stm32f1xx_hal_i2c.c...
compiling stm32f1xx_hal_gpio.c...
compiling stm32f1xx_hal_dma.c...
compiling stm32f1xx_hal_cortex.c...
compiling stm32f1xx_hal_pwr.c...
compiling stm32f1xx_hal_flash.c...
compiling stm32f1xx_hal_exti.c...
compiling stm32f1xx_hal_flash_ex.c...
compiling list.c...
compiling stm32f1xx_hal_uart.c...
compiling queue.c...
compiling system_stm32f1xx.c...
compiling timers.c...
compiling Int_OLED.c...
compiling tasks.c...
compiling event_groups.c...
compiling stream_buffer.c...
compiling App_Display.c...
compiling croutine.c...
compiling Com_Debug.c...
compiling heap_4.c...
compiling App_Main.c...
compiling port.c...
linking...
Program Size: Code=10352 RO-data=7396 RW-data=120 ZI-data=13744  
FromELF: creating hex file...
"01_BMS_project\01_BMS_project.axf" - 0 Error(s), 0 Warning(s).

<h2>Software Packages used:</h2>

Package Vendor: ARM
                http://www.keil.com/pack/ARM.CMSIS.5.9.0.pack
                ARM::CMSIS@5.9.0
                CMSIS (Common Microcontroller Software Interface Standard)
   * Component: CORE Version: 5.6.0

Package Vendor: Keil
                https://www.keil.com/pack/Keil.STM32F1xx_DFP.2.4.1.pack
                Keil::STM32F1xx_DFP@2.4.1
                STMicroelectronics STM32F1 Series Device Support, Drivers and Examples

<h2>Collection of Component include folders:</h2>
  ./RTE/_01_BMS_project
  D:/shangguigu/STM32_MDK/PACK/ARM/CMSIS/5.9.0/CMSIS/Core/Include
  D:/shangguigu/STM32_MDK/PACK/Keil/STM32F1xx_DFP/2.4.1/Device/Include

<h2>Collection of Component Files used:</h2>

   * Component: ARM::CMSIS:CORE@5.6.0
      Include file:  CMSIS/Core/Include/tz_context.h
Build Time Elapsed:  00:00:15
</pre>
</body>
</html>
